a/b/E.hx:4: characters 2-3 : Module a.b.C does not define type C