a/b/D.hx:3: characters 13-16 : Module a.b.C does not define type E