p/A.hx:2: characters 17-20 : Module p.B does not define type T