Field index for foo not found on prototype _Foo.Foo_Fields_